// Vitest Snapshot v1, https://vitest.dev/guide/snapshot.html

exports[`CardExample > matches snapshot 1`] = `
<DocumentFragment>
  <div
    class="grid-custom f-py-10/20 f-gap-8/12 bg-black p-custom text-white"
  >
    <div
      class="f-gap-y-2/4 grid-custom col-span-full text-center"
    >
      <div
        class="md:col-span-8 md:col-start-3"
      >
        <div
          class="type-heading-4840"
        >
          <h1>
            My Title
          </h1>
        </div>
      </div>
      <div
        class="[&_p:last-of-type]:mb-0 md:col-span-4 md:col-start-5"
      >
        <p
          class="ftype type-body-1440 to-type-body-1640 mb-4"
        >
          Card description.
        </p>
      </div>
    </div>
    <article
      class="f-p-2/4 f-gap-2/4 col-span-full flex flex-col rounded-lg bg-white text-black md:col-span-3"
    >
      <div
        class="type-heading-3240"
      >
        <h1>
          My card title
        </h1>
      </div>
      <div
        class="[&_p:last-of-type]:mb-0"
      >
        <p
          class="ftype type-body-1440 to-type-body-1640 mb-4"
        >
          Card descriptions
        </p>
      </div>
    </article>
    <a
      class="group/button inline-flex select-none items-center justify-center font-inherit outline-0 transition-colors duration-300 ease-in-out focus-visible:outline-2 focus-visible:outline-debug-blue focus-visible:outline-offset-4 has-[>svg]:gap-1.5 [&_svg]:size-5 rounded whitespace-nowrap ftype type-body-1450 to-type-body-1650 f-py-1/2 f-px-2/3 bg-debug-blue text-white hover:bg-debug-blue/90 w-fit col-span-full place-self-center"
      href="https://example.com"
      id="cta-example-com-lnk1"
      rel="noopener noreferrer"
      target="_blank"
    >
      Learn more
    </a>
  </div>
</DocumentFragment>
`;
