// Vitest Snapshot v1, https://vitest.dev/guide/snapshot.html

exports[`HeroPrimary > matches snapshot 1`] = `
<DocumentFragment>
  <div
    class="grid-custom f-px-12/16 grid-rows-[auto_1fr] gap-10 overflow-x-clip pb-10 md:gap-20"
  >
    <div
      class="f-pt-24/55 z-50 col-span-full flex max-h-fit flex-col gap-6 md:flex-row md:items-end md:justify-between md:gap-0"
    >
      <h1
        class="[&_.line-box]:pointer-events-none [&_.line-box]:absolute [&_.line-box]:inset-0 [&_.line-box]:z-20 [&_.line-wrapper:first-of-type]:mt-0 [&_.line-wrapper]:relative [&_.line-wrapper]:mt-[-0.1em] [&_.line-wrapper]:min-h-[1.1em] [&_.line-wrapper]:w-fit [&_.line-wrapper]:overflow-hidden [&_.line-wrapper]:pb-[0.15em] [&_.line]:relative [&_.line]:z-10 [&_.line]:w-fit max-w-200"
        data-anim-text-box-reveal="true"
        style="opacity: 0;"
      >
        <div
          class="ftype type-heading-3230 to-type-heading-4830 md:text-balance"
        >
          Hero Title
        </div>
      </h1>
      <div
        class=""
        data-anim-text-line-reveal="true"
        style="opacity: 0;"
      >
        <div
          class="[&_p:last-of-type]:mb-0 max-w-prose text-charcoal"
        >
          <p
            class="ftype type-body-1440 to-type-body-1640 mb-4"
          >
            Hero description.
          </p>
        </div>
      </div>
    </div>
    <div
      class="relative col-span-full h-75 overflow-hidden rounded-3xl bg-debug-blue/45 md:h-100"
    >
      <div
        class="absolute -bottom-2/5 left-1/2 h-3/4 w-3/4 -translate-x-1/2 animate-blob-float rounded-full"
        style="background: radial-gradient(circle, #F8E8DB 0%, transparent 65%); filter: blur(80px); animation-delay: -7s;"
      />
      <div
        class="absolute -right-1/10 -bottom-2/4 h-3/4 w-3/4 animate-blob-float rounded-full"
        style="background: radial-gradient(circle, #FFD487 0%, transparent 45%); filter: blur(80px); animation-delay: -2s;"
      />
      <div
        class="absolute -right-1/4 -bottom-1/4 h-3/4 w-3/4 animate-blob-float rounded-full"
        style="background: radial-gradient(circle, #C4DEE8 0%, transparent 100%); filter: blur(80px); animation-delay: -6s;"
      />
      <div
        class="absolute -right-1/4 -bottom-1/4 h-3/4 w-3/4 animate-blob-float rounded-full"
        style="background: radial-gradient(circle, #F8E8DB 0%, transparent 40%); filter: blur(80px); animation-delay: -1s;"
      />
    </div>
  </div>
</DocumentFragment>
`;
